<?xml version="1.0" encoding="UTF-8"?>
<testsuites name="jest tests" tests="3" failures="0" errors="0" time="1.879">
  <testsuite name="currency repository - unit test" errors="0" failures="0" skipped="0" timestamp="2024-05-22T16:42:39" time="1.629" tests="3">
    <testcase classname="currency repository - unit test should return values from db" name="currency repository - unit test should return values from db" time="0.007">
    </testcase>
    <testcase classname="currency repository - unit test should return exchange rate of given currency" name="currency repository - unit test should return exchange rate of given currency" time="0.003">
    </testcase>
    <testcase classname="currency repository - unit test should return exchange rate of currency comparison" name="currency repository - unit test should return exchange rate of currency comparison" time="0.002">
    </testcase>
  </testsuite>
</testsuites>